*** EVALUATION ***
PROGRAM "C:\Users\PC\Desktop\Alle Ordner\Uni-skripte\4semester\CA\CA3_Lab1\lab1d - Kopie\bin\Simulator.abs"

*********************************************************************************************
TARGET SECTION
---------------------------------------------------------------------------------------------
Processor   : Freescale HC12
Memory Model: SMALL
File Format : ELF\DWARF 2.0
Linker      : SmartLinker V-5.0.40 Build 10203, Jul 23 2010

*********************************************************************************************
FILE SECTION
---------------------------------------------------------------------------------------------
Lab1b.asm.o                             Model: SMALL,         Lang: Assembler
Delay.asm.o                             Model: SMALL,         Lang: Assembler
Led.asm.o                               Model: SMALL,         Lang: Assembler

*********************************************************************************************
STARTUP SECTION
---------------------------------------------------------------------------------------------
Entry point: 0xC000 (Entry)

*********************************************************************************************
SECTION-ALLOCATION SECTION
Section Name                    Size  Type     From       To       Segment
---------------------------------------------------------------------------------------------
.init                             82     R     0xC000     0xC051   ROM_C000
.stack                           256   R/W     0x1000     0x10FF   RAM
.vectSeg0_vect                     2     R     0xFFFE     0xFFFF   .vectSeg0

Summary of section sizes per section type:
READ_ONLY (R):          54 (dec:       84)
READ_WRITE (R/W):      100 (dec:      256)

*********************************************************************************************
VECTOR-ALLOCATION SECTION
    Address     InitValue   InitFunction
---------------------------------------------------------------------------------------------
     0xFFFE        0xC000   Entry

*********************************************************************************************
OBJECT-ALLOCATION SECTION
     Name               Module                 Addr   hSize   dSize     Ref    Section   RLIB
---------------------------------------------------------------------------------------------
MODULE:                 -- Lab1b.asm.o --
- PROCEDURES:
     Entry                                     C000       A      10       0   .init       
     main                                      C000       0       0       0   .init       
     loop                                      C00A       F      15       0   .init       
- VARIABLES:
- LABELS:
     __SEG_END_SSTACK                          1100       0       0       1               
MODULE:                 -- Delay.asm.o --
- PROCEDURES:
     delay_0_5sec                              C019       5       5       1   .init       
     BY                                        C01E       3       3       0   .init       
     BX                                        C021       9       9       0   .init       
- VARIABLES:
MODULE:                 -- Led.asm.o --
- PROCEDURES:
     initLED                                   C02A      16      22       1   .init       
     L31                                       C040       2       2       0   .init       
     setLED                                    C042       8       8       1   .init       
     getLED                                    C04A       4       4       1   .init       
     toggleLED                                 C04E       4       4       1   .init       
- VARIABLES:

*********************************************************************************************
MODULE STATISTIC
  Name                                      Data   Code  Const
---------------------------------------------------------------------------------------------
  Lab1b.asm.o                                  0     25      0
  Delay.asm.o                                  0     17      0
  Led.asm.o                                    0     40      0
  other                                      256      2      0

*********************************************************************************************
SECTION USE IN OBJECT-ALLOCATION SECTION
---------------------------------------------------------------------------------------------
SECTION: ".init"
  main Entry loop delay_0_5sec BY BX initLED L31 setLED getLED toggleLED 

*********************************************************************************************
OBJECT LIST SORTED BY ADDRESS
     Name                                      Addr   hSize   dSize     Ref    Section   RLIB
---------------------------------------------------------------------------------------------
     main                                      C000       0       0       0   .init       
     Entry                                     C000       A      10       0   .init       
     loop                                      C00A       F      15       0   .init       
     delay_0_5sec                              C019       5       5       1   .init       
     BY                                        C01E       3       3       0   .init       
     BX                                        C021       9       9       0   .init       
     initLED                                   C02A      16      22       1   .init       
     L31                                       C040       2       2       0   .init       
     setLED                                    C042       8       8       1   .init       
     getLED                                    C04A       4       4       1   .init       
     toggleLED                                 C04E       4       4       1   .init       

*********************************************************************************************
UNUSED-OBJECTS SECTION
---------------------------------------------------------------------------------------------

*********************************************************************************************
COPYDOWN SECTION
---------------------------------------------------------------------------------------------

*********************************************************************************************
OBJECT-DEPENDENCIES SECTION
---------------------------------------------------------------------------------------------
Entry                     USES __SEG_END_SSTACK initLED 
loop                      USES setLED getLED toggleLED delay_0_5sec 

*********************************************************************************************
DEPENDENCY TREE
*********************************************************************************************
 main and _Startup Group
 | 
 +- main                
 |    
 +- Entry               
    | 
    +- initLED             
         
*********************************************************************************************
STATISTIC SECTION
---------------------------------------------------------------------------------------------

ExeFile:
--------
Number of blocks to be downloaded: 2
Total size of all blocks to be downloaded: 84

