*** EVALUATION ***
PROGRAM "C:\Users\PC\Desktop\Alle Ordner\Uni-skripte\4semester\CA\CA3_Lab1\lab1a\bin\Simulator.abs"

*********************************************************************************************
TARGET SECTION
---------------------------------------------------------------------------------------------
Processor   : Freescale HC12
Memory Model: SMALL
File Format : ELF\DWARF 2.0
Linker      : SmartLinker V-5.0.40 Build 10203, Jul 23 2010

*********************************************************************************************
FILE SECTION
---------------------------------------------------------------------------------------------
Lab1b.asm.o                             Model: SMALL,         Lang: Assembler

*********************************************************************************************
STARTUP SECTION
---------------------------------------------------------------------------------------------
Entry point: 0xC000 (Entry)

*********************************************************************************************
SECTION-ALLOCATION SECTION
Section Name                    Size  Type     From       To       Segment
---------------------------------------------------------------------------------------------
.init                             37     R     0xC000     0xC024   ROM_C000
.stack                           256   R/W     0x1000     0x10FF   RAM
.vectSeg0_vect                     2     R     0xFFFE     0xFFFF   .vectSeg0

Summary of section sizes per section type:
READ_ONLY (R):          27 (dec:       39)
READ_WRITE (R/W):      100 (dec:      256)

*********************************************************************************************
VECTOR-ALLOCATION SECTION
    Address     InitValue   InitFunction
---------------------------------------------------------------------------------------------
     0xFFFE        0xC000   Entry

*********************************************************************************************
OBJECT-ALLOCATION SECTION
     Name               Module                 Addr   hSize   dSize     Ref    Section   RLIB
---------------------------------------------------------------------------------------------
MODULE:                 -- Lab1b.asm.o --
- PROCEDURES:
     Entry                                     C000       A      10       0   .init       
     main                                      C000       0       0       0   .init       
     L31                                       C00A       2       2       0   .init       
     loop                                      C00C       C      12       0   .init       
     wait                                      C018       3       3       1   .init       
     BY                                        C01B       3       3       0   .init       
     BX                                        C01E       7       7       0   .init       
- VARIABLES:
- LABELS:
     __SEG_END_SSTACK                          1100       0       0       1               

*********************************************************************************************
MODULE STATISTIC
  Name                                      Data   Code  Const
---------------------------------------------------------------------------------------------
  Lab1b.asm.o                                  0     37      0
  other                                      256      2      0

*********************************************************************************************
SECTION USE IN OBJECT-ALLOCATION SECTION
---------------------------------------------------------------------------------------------
SECTION: ".init"
  main Entry L31 loop wait BY BX 

*********************************************************************************************
OBJECT LIST SORTED BY ADDRESS
     Name                                      Addr   hSize   dSize     Ref    Section   RLIB
---------------------------------------------------------------------------------------------
     main                                      C000       0       0       0   .init       
     Entry                                     C000       A      10       0   .init       
     L31                                       C00A       2       2       0   .init       
     loop                                      C00C       C      12       0   .init       
     wait                                      C018       3       3       1   .init       
     BY                                        C01B       3       3       0   .init       
     BX                                        C01E       7       7       0   .init       

*********************************************************************************************
UNUSED-OBJECTS SECTION
---------------------------------------------------------------------------------------------

*********************************************************************************************
COPYDOWN SECTION
---------------------------------------------------------------------------------------------

*********************************************************************************************
OBJECT-DEPENDENCIES SECTION
---------------------------------------------------------------------------------------------
Entry                     USES __SEG_END_SSTACK 
loop                      USES wait 

*********************************************************************************************
DEPENDENCY TREE
*********************************************************************************************
 main and _Startup Group
 | 
 +- main                
 |    
 +- Entry               
      
*********************************************************************************************
STATISTIC SECTION
---------------------------------------------------------------------------------------------

ExeFile:
--------
Number of blocks to be downloaded: 2
Total size of all blocks to be downloaded: 39

