*** EVALUATION ***
PROGRAM "C:\Users\muham\OneDrive\Desktop\Hochschulsachen\Semester4\Computerarchitektur\Labor\CA3_Lab1\CA3_Lab1\lab1a\bin\Simulator.abs"

*********************************************************************************************
TARGET SECTION
---------------------------------------------------------------------------------------------
Processor   : Freescale HC12
Memory Model: SMALL
File Format : ELF\DWARF 2.0
Linker      : SmartLinker V-5.0.40 Build 10203, Jul 23 2010

*********************************************************************************************
FILE SECTION
---------------------------------------------------------------------------------------------
main.asm.o                              Model: SMALL,         Lang: Assembler

*********************************************************************************************
STARTUP SECTION
---------------------------------------------------------------------------------------------
Entry point: 0xC00D (Entry)

*********************************************************************************************
SECTION-ALLOCATION SECTION
Section Name                    Size  Type     From       To       Segment
---------------------------------------------------------------------------------------------
.init                             66     R     0xC000     0xC041   ROM_C000
.data                              1   R/W     0x1000     0x1000   RAM
.stack                           256   R/W     0x1001     0x1100   RAM
.vectSeg0_vect                     2     R     0xFFFE     0xFFFF   .vectSeg0

Summary of section sizes per section type:
READ_ONLY (R):          44 (dec:       68)
READ_WRITE (R/W):      101 (dec:      257)

*********************************************************************************************
VECTOR-ALLOCATION SECTION
    Address     InitValue   InitFunction
---------------------------------------------------------------------------------------------
     0xFFFE        0xC00D   Entry

*********************************************************************************************
OBJECT-ALLOCATION SECTION
     Name               Module                 Addr   hSize   dSize     Ref    Section   RLIB
---------------------------------------------------------------------------------------------
MODULE:                 -- main.asm.o --
- PROCEDURES:
     delay_0_5_sec                             C000       3       3       1   .init       
     waitO                                     C003       3       3       0   .init       
     waitI                                     C006       7       7       0   .init       
     Entry                                     C00D       F      15       0   .init       
     main                                      C00D       0       0       0   .init       
     L3                                        C01C       7       7       0   .init       
     L0                                        C023       B      11       0   .init       
     L1                                        C02E       A      10       0   .init       
     L5                                        C038       3       3       0   .init       
     L4                                        C03B       7       7       0   .init       
- VARIABLES:
     var1                                      1000       1       1       5   .data       
- LABELS:
     __SEG_END_SSTACK                          1101       0       0       1               

*********************************************************************************************
MODULE STATISTIC
  Name                                      Data   Code  Const
---------------------------------------------------------------------------------------------
  main.asm.o                                   1     66      0
  other                                      256      2      0

*********************************************************************************************
SECTION USE IN OBJECT-ALLOCATION SECTION
---------------------------------------------------------------------------------------------
SECTION: ".data"
  var1 
SECTION: ".init"
  delay_0_5_sec waitO waitI main Entry L3 L0 L1 L5 L4 

*********************************************************************************************
OBJECT LIST SORTED BY ADDRESS
     Name                                      Addr   hSize   dSize     Ref    Section   RLIB
---------------------------------------------------------------------------------------------
     var1                                      1000       1       1       5   .data       
     delay_0_5_sec                             C000       3       3       1   .init       
     waitO                                     C003       3       3       0   .init       
     waitI                                     C006       7       7       0   .init       
     main                                      C00D       0       0       0   .init       
     Entry                                     C00D       F      15       0   .init       
     L3                                        C01C       7       7       0   .init       
     L0                                        C023       B      11       0   .init       
     L1                                        C02E       A      10       0   .init       
     L5                                        C038       3       3       0   .init       
     L4                                        C03B       7       7       0   .init       

*********************************************************************************************
UNUSED-OBJECTS SECTION
---------------------------------------------------------------------------------------------

*********************************************************************************************
COPYDOWN SECTION
---------------------------------------------------------------------------------------------

*********************************************************************************************
OBJECT-DEPENDENCIES SECTION
---------------------------------------------------------------------------------------------
Entry                     USES __SEG_END_SSTACK 
L3                        USES var1 
L0                        USES var1 delay_0_5_sec 
L1                        USES var1 
L5                        USES var1 
L4                        USES var1 

*********************************************************************************************
DEPENDENCY TREE
*********************************************************************************************
 main and _Startup Group
 | 
 +- main                
 |    
 +- Entry               
      
*********************************************************************************************
STATISTIC SECTION
---------------------------------------------------------------------------------------------

ExeFile:
--------
Number of blocks to be downloaded: 2
Total size of all blocks to be downloaded: 68

