*** EVALUATION ***
PROGRAM "C:\Users\PC\Desktop\Alle Ordner\Uni-skripte\4semester\CA\CA3_Lab1\lab1c\bin\Simulator.abs"

*********************************************************************************************
TARGET SECTION
---------------------------------------------------------------------------------------------
Processor   : Freescale HC12
Memory Model: SMALL
File Format : ELF\DWARF 2.0
Linker      : SmartLinker V-5.0.40 Build 10203, Jul 23 2010

*********************************************************************************************
FILE SECTION
---------------------------------------------------------------------------------------------
main.asm.o                              Model: SMALL,         Lang: Assembler
toLower.asm.o                           Model: SMALL,         Lang: Assembler
Copy of hexToASCII.asm.o                Model: SMALL,         Lang: Assembler

*********************************************************************************************
STARTUP SECTION
---------------------------------------------------------------------------------------------
Entry point: 0xC000 (Entry)

*********************************************************************************************
SECTION-ALLOCATION SECTION
Section Name                    Size  Type     From       To       Segment
---------------------------------------------------------------------------------------------
.init                            146     R     0xC000     0xC091   ROM_C000
.data                             85   R/W     0x1000     0x1054   RAM
.const                            49     R     0xC092     0xC0C2   ROM_C000
.stack                           256   R/W     0x1055     0x1154   RAM
.vectSeg0_vect                     2     R     0xFFFE     0xFFFF   .vectSeg0

Summary of section sizes per section type:
READ_ONLY (R):          C5 (dec:      197)
READ_WRITE (R/W):      155 (dec:      341)

*********************************************************************************************
VECTOR-ALLOCATION SECTION
    Address     InitValue   InitFunction
---------------------------------------------------------------------------------------------
     0xFFFE        0xC000   Entry

*********************************************************************************************
OBJECT-ALLOCATION SECTION
     Name               Module                 Addr   hSize   dSize     Ref    Section   RLIB
---------------------------------------------------------------------------------------------
MODULE:                 -- main.asm.o --
- PROCEDURES:
     Entry                                     C000      1A      26       0   .init       
     main                                      C000       0       0       0   .init       
     loop                                      C01A       2       2       0   .init       
- VARIABLES:
     Vtext                                     1000      50      80       2   .data       
     Ctext                                     C092      1E      30       1   .const      
     hilfC                                     C0B0       2       2       0   .const      
- LABELS:
     __SEG_END_SSTACK                          1155       0       0       1               
MODULE:                 -- toLower.asm.o --
- PROCEDURES:
     toLower                                   C01C       2       2       1   .init       
     loop                                      C01E      10      16       0   .init       
     next                                      C02E       4       4       0   .init       
     ende                                      C032       1       1       0   .init       
     LP                                        C033       0       0       0   .init       
     strCpy                                    C033       9       9       1   .init       
- VARIABLES:
MODULE:                 -- Copy of hexToASCII.asm.o --
- PROCEDURES:
     hexToASCII                                C03C      56      86       1   .init       
- VARIABLES:
     zahl                                      1050       5       5       5   .data       
     H2A                                       C0B2      11      17       4   .const      

*********************************************************************************************
MODULE STATISTIC
  Name                                      Data   Code  Const
---------------------------------------------------------------------------------------------
  main.asm.o                                  80     28     32
  toLower.asm.o                                0     32      0
  Copy of hexToASCII.asm.o                     5     86     17
  other                                      256      2      0

*********************************************************************************************
SECTION USE IN OBJECT-ALLOCATION SECTION
---------------------------------------------------------------------------------------------
SECTION: ".data"
  Vtext zahl 
SECTION: ".init"
  main Entry loop toLower loop next ende strCpy LP hexToASCII 
SECTION: ".const"
  Ctext hilfC H2A 

*********************************************************************************************
OBJECT LIST SORTED BY ADDRESS
     Name                                      Addr   hSize   dSize     Ref    Section   RLIB
---------------------------------------------------------------------------------------------
     Vtext                                     1000      50      80       2   .data       
     zahl                                      1050       5       5       5   .data       
     main                                      C000       0       0       0   .init       
     Entry                                     C000      1A      26       0   .init       
     loop                                      C01A       2       2       0   .init       
     toLower                                   C01C       2       2       1   .init       
     loop                                      C01E      10      16       0   .init       
     next                                      C02E       4       4       0   .init       
     ende                                      C032       1       1       0   .init       
     strCpy                                    C033       9       9       1   .init       
     LP                                        C033       0       0       0   .init       
     hexToASCII                                C03C      56      86       1   .init       
     Ctext                                     C092      1E      30       1   .const      
     hilfC                                     C0B0       2       2       0   .const      
     H2A                                       C0B2      11      17       4   .const      

*********************************************************************************************
UNUSED-OBJECTS SECTION
---------------------------------------------------------------------------------------------

*********************************************************************************************
COPYDOWN SECTION
---------------------------------------------------------------------------------------------

*********************************************************************************************
OBJECT-DEPENDENCIES SECTION
---------------------------------------------------------------------------------------------
Entry                     USES __SEG_END_SSTACK hexToASCII Ctext Vtext strCpy 
                                toLower 
hexToASCII                USES zahl H2A 

*********************************************************************************************
DEPENDENCY TREE
*********************************************************************************************
 main and _Startup Group
 | 
 +- main                
 |    
 +- Entry               
    | 
    +- hexToASCII          
    |    
    +- strCpy              
    |    
    +- toLower             
         
*********************************************************************************************
STATISTIC SECTION
---------------------------------------------------------------------------------------------

ExeFile:
--------
Number of blocks to be downloaded: 3
Total size of all blocks to be downloaded: 197

