*** EVALUATION ***
PROGRAM "C:\Users\PC\Desktop\Alle Ordner\Uni-skripte\4semester\CA\CA3_Lab1\lab1c\bin\Simulator.abs"

*********************************************************************************************
TARGET SECTION
---------------------------------------------------------------------------------------------
Processor   : Freescale HC12
Memory Model: SMALL
File Format : ELF\DWARF 2.0
Linker      : SmartLinker V-5.0.40 Build 10203, Jul 23 2010

*********************************************************************************************
FILE SECTION
---------------------------------------------------------------------------------------------
main.asm.o                              Model: SMALL,         Lang: Assembler
toLower.asm.o                           Model: SMALL,         Lang: Assembler
Copy of hexToASCII.asm.o                Model: SMALL,         Lang: Assembler

*********************************************************************************************
STARTUP SECTION
---------------------------------------------------------------------------------------------
Entry point: 0xC000 (Entry)

*********************************************************************************************
SECTION-ALLOCATION SECTION
Section Name                    Size  Type     From       To       Segment
---------------------------------------------------------------------------------------------
.init                            159     R     0xC000     0xC09E   ROM_C000
.data                             92   R/W     0x1000     0x105B   RAM
.const                            49     R     0xC09F     0xC0CF   ROM_C000
.stack                           256   R/W     0x105C     0x115B   RAM
.vectSeg0_vect                     2     R     0xFFFE     0xFFFF   .vectSeg0

Summary of section sizes per section type:
READ_ONLY (R):          D2 (dec:      210)
READ_WRITE (R/W):      15C (dec:      348)

*********************************************************************************************
VECTOR-ALLOCATION SECTION
    Address     InitValue   InitFunction
---------------------------------------------------------------------------------------------
     0xFFFE        0xC000   Entry

*********************************************************************************************
OBJECT-ALLOCATION SECTION
     Name               Module                 Addr   hSize   dSize     Ref    Section   RLIB
---------------------------------------------------------------------------------------------
MODULE:                 -- main.asm.o --
- PROCEDURES:
     Entry                                     C000      1D      29       0   .init       
     main                                      C000       0       0       0   .init       
     loop                                      C01D       2       2       0   .init       
- VARIABLES:
     Vtext                                     1000      50      80       2   .data       
     string                                    1050       7       7       1   .data       
     Ctext                                     C09F      1E      30       1   .const      
     hilfC                                     C0BD       2       2       0   .const      
- LABELS:
     __SEG_END_SSTACK                          115C       0       0       1               
MODULE:                 -- toLower.asm.o --
- PROCEDURES:
     toLower                                   C01F       2       2       1   .init       
     loop                                      C021      10      16       0   .init       
     next                                      C031       4       4       0   .init       
     ende                                      C035       1       1       0   .init       
     LP                                        C036       0       0       0   .init       
     strCpy                                    C036       9       9       2   .init       
- VARIABLES:
MODULE:                 -- Copy of hexToASCII.asm.o --
- PROCEDURES:
     hexToASCII                                C03F      60      96       1   .init       
- VARIABLES:
     zahl                                      1057       5       5       6   .data       
     H2A                                       C0BF      11      17       4   .const      

*********************************************************************************************
MODULE STATISTIC
  Name                                      Data   Code  Const
---------------------------------------------------------------------------------------------
  main.asm.o                                  87     31     32
  toLower.asm.o                                0     32      0
  Copy of hexToASCII.asm.o                     5     96     17
  other                                      256      2      0

*********************************************************************************************
SECTION USE IN OBJECT-ALLOCATION SECTION
---------------------------------------------------------------------------------------------
SECTION: ".data"
  Vtext string zahl 
SECTION: ".init"
  main Entry loop toLower loop next ende strCpy LP hexToASCII 
SECTION: ".const"
  Ctext hilfC H2A 

*********************************************************************************************
OBJECT LIST SORTED BY ADDRESS
     Name                                      Addr   hSize   dSize     Ref    Section   RLIB
---------------------------------------------------------------------------------------------
     Vtext                                     1000      50      80       2   .data       
     string                                    1050       7       7       1   .data       
     zahl                                      1057       5       5       6   .data       
     main                                      C000       0       0       0   .init       
     Entry                                     C000      1D      29       0   .init       
     loop                                      C01D       2       2       0   .init       
     toLower                                   C01F       2       2       1   .init       
     loop                                      C021      10      16       0   .init       
     next                                      C031       4       4       0   .init       
     ende                                      C035       1       1       0   .init       
     strCpy                                    C036       9       9       2   .init       
     LP                                        C036       0       0       0   .init       
     hexToASCII                                C03F      60      96       1   .init       
     Ctext                                     C09F      1E      30       1   .const      
     hilfC                                     C0BD       2       2       0   .const      
     H2A                                       C0BF      11      17       4   .const      

*********************************************************************************************
UNUSED-OBJECTS SECTION
---------------------------------------------------------------------------------------------

*********************************************************************************************
COPYDOWN SECTION
---------------------------------------------------------------------------------------------

*********************************************************************************************
OBJECT-DEPENDENCIES SECTION
---------------------------------------------------------------------------------------------
Entry                     USES __SEG_END_SSTACK string hexToASCII Ctext Vtext 
                                strCpy toLower 
hexToASCII                USES zahl H2A strCpy 

*********************************************************************************************
DEPENDENCY TREE
*********************************************************************************************
 main and _Startup Group
 | 
 +- main                
 |    
 +- Entry               
    | 
    +- hexToASCII          
    |  | 
    |  +- strCpy              
    |       
    +- strCpy               (see above)
    |  
    +- toLower             
         
*********************************************************************************************
STATISTIC SECTION
---------------------------------------------------------------------------------------------

ExeFile:
--------
Number of blocks to be downloaded: 3
Total size of all blocks to be downloaded: 210

